On copying the installation command for backend , it gives error.


D:\krishna\KRISHNA\My-Projects\SecureLinkQR\frontend>npx tailwindcss init -p

Created Tailwind CSS config file: tailwind.config.js
Created PostCSS config file: postcss.config.js

D:\krishna\KRISHNA\My-Projects\SecureLinkQR\frontend>cd ..

D:\krishna\KRISHNA\My-Projects\SecureLinkQR>mkdir backend && cd backend

D:\krishna\KRISHNA\My-Projects\SecureLinkQR\backend>npm init -y
Wrote to D:\krishna\KRISHNA\My-Projects\SecureLinkQR\backend\package.json:

{
  "name": "backend",
  "version": "1.0.0",
  "description": "",
  "main": "index.js",
  "scripts": {
    "test": "echo \"Error: no test specified\" && exit 1"
  },
  "keywords": [],
  "author": "",
  "license": "ISC"
}



D:\krishna\KRISHNA\My-Projects\SecureLinkQR\backend>npm install express cors dotenv axios xgboost-node multer sharp qrcode-reader jimp

npm ERR! code E404
npm ERR! 404 Not Found - GET https://registry.npmjs.org/xgboost-node - Not found
npm ERR! 404 
npm ERR! 404  'xgboost-node@*' is not in this registry.
npm ERR! 404 
npm ERR! 404 Note that you can also install from a
npm ERR! 404 tarball, folder, http url, or git url.

npm ERR! A complete log of this run can be found in: C:\Users\HP\AppData\Local\npm-cache\_logs\2025-09-20T21_02_57_446Z-debug-0.log   

D:\krishna\KRISHNA\My-Projects\SecureLinkQR\backend>npm install express cors dotenv axios multer sharp qrcode-reader jimp node-xgboost

npm ERR! code E404
npm ERR! 404 Not Found - GET https://registry.npmjs.org/node-xgboost - Not found
npm ERR! 404
npm ERR! 404  'node-xgboost@*' is not in this registry.
npm ERR! 404
npm ERR! 404 Note that you can also install from a
npm ERR! 404 tarball, folder, http url, or git url.

npm ERR! A complete log of this run can be found in: C:\Users\HP\AppData\Local\npm-cache\_logs\2025-09-20T21_09_55_071Z-debug-0.log   

D:\krishna\KRISHNA\My-Projects\SecureLinkQR\backend>npm install express cors dotenv axios multer sharp qrcode-reader jimp ml-matrix ml-regnpnpnpm ERR! code ECONNRESET
npm ERR! syscall read
npm ERR! errno -4077
npm ERR! network read ECONNRESET
npm ERR! network This is a problem related to network connectivity.    
npm ERR! network In most cases you are behind a proxy or have bad network settings.
npm ERR! network
npm ERR! network If you are behind a proxy, please make sure that the  
npm ERR! network 'proxy' config is set properly.  See: 'npm help config'

npm ERR! A complete log of this run can be found in: C:\Users\HP\AppData\Local\npm-cache\_logs\2025-09-20T21_11_47_661Z-debug-0.log

D:\krishna\KRISHNA\My-Projects\SecureLinkQR\backend>npm install express cors dotenv axios multer sharp qrcode-reader jimp @tensorflow/tfjs-node
npm WARN deprecated inflight@1.0.6: This module is not supported, and leaks memory. Do not use it. Check out lru-cache if you want a good and tested way to coalesce async requests by a key value, which is much more comprehensive and powerful.
npm WARN deprecated rimraf@3.0.2: Rimraf versions prior to v4 are no longer supported
npm WARN deprecated glob@7.2.3: Glob versions prior to v9 are no longer supported
npm WARN deprecated gauge@3.0.2: This package is no longer supported.  
npm WARN deprecated are-we-there-yet@2.0.0: This package is no longer supported.
npm WARN deprecated npmlog@5.0.1: This package is no longer supported.
npm WARN deprecated rimraf@2.7.1: Rimraf versions prior to v4 are no longer supported
npm ERR! code ERR_SOCKET_TIMEOUT
npm ERR! network Socket timeout
npm ERR! network This is a problem related to network connectivity.    
npm ERR! network In most cases you are behind a proxy or have bad network settings.
npm ERR! network
npm ERR! network If you are behind a proxy, please make sure that the  
npm ERR! network 'proxy' config is set properly.  See: 'npm help config'

npm ERR! A complete log of this run can be found in: C:\Users\HP\AppData\Local\npm-cache\_logs\2025-09-20T21_13_12_845Z-debug-0.log

D:\krishna\KRISHNA\My-Projects\SecureLinkQR\backend>



////////

i also need to add all QR codes imgs into the ml-training folder & change the img path(eg :  process_qr_dataset.py) in each file accoardingly. 




